******************************************************************************
             TMS320C2000 Linker PC v16.9.11                    
******************************************************************************
>> Linked Sat Jul 19 10:40:14 2025

OUTPUT FILE NAME:   <DSP28335_PMSM_XBEV.out>
ENTRY POINT SYMBOL: "code_start"  address: 0033fff6


MEMORY CONFIGURATION

         name            origin    length      used     unused   attr    fill
----------------------  --------  ---------  --------  --------  ----  --------
PAGE 0:
  ZONE0                 00004000   00001000  00000000  00001000  RWIX
  RAML0                 00008000   00001000  0000001f  00000fe1  RWIX
  RAML1                 00009000   00001000  00000640  000009c0  RWIX
  RAML2                 0000a000   00001000  00000000  00001000  RWIX
  RAML3                 0000b000   00001000  00000000  00001000  RWIX
  ZONE6                 00100000   00100000  00000000  00100000  RWIX
  ZONE7A                00200000   0000fc00  00000000  0000fc00  RWIX
  FLASHH                00300000   00008000  00000000  00008000  RWIX
  FLASHG                00308000   00008000  00000000  00008000  RWIX
  FLASHF                00310000   00008000  00000000  00008000  RWIX
  FLASHE                00318000   00008000  00000000  00008000  RWIX
  FLASHD                00320000   00008000  0000001f  00007fe1  RWIX
  FLASHC                00328000   00008000  00000050  00007fb0  RWIX
  FLASHA                00338000   00007f80  00007c28  00000358  RWIX
  CSM_RSVD              0033ff80   00000076  00000000  00000076  RWIX
  BEGIN                 0033fff6   00000002  00000002  00000000  RWIX
  CSM_PWL               0033fff8   00000008  00000000  00000008  RWIX
  ADC_CAL               00380080   00000009  00000007  00000002  RWIX
  OTP                   00380400   00000400  00000000  00000400  RWIX
  IQTABLES              003fe000   00000b50  00000b50  00000000  RWIX
  IQTABLES2             003feb50   0000008c  00000000  0000008c  RWIX
  FPUTABLES             003febdc   000006a0  00000000  000006a0  RWIX
  ROM                   003ff27c   00000d44  00000000  00000d44  RWIX
  RESET                 003fffc0   00000002  00000000  00000002  RWIX
  VECTORS               003fffc2   0000003e  00000000  0000003e  RWIX

PAGE 1:
  BOOT_RSVD             00000000   00000050  00000000  00000050  RWIX
  RAMM0                 00000050   000003b0  00000000  000003b0  RWIX
  RAMM1                 00000400   00000400  00000200  00000200  RWIX
  DEV_EMU               00000880   00000180  000000d0  000000b0  RWIX
  FLASH_REGS            00000a80   00000060  00000008  00000058  RWIX
  CSM                   00000ae0   00000010  00000010  00000000  RWIX
  ADC_MIRROR            00000b00   00000010  00000010  00000000  RWIX
  XINTF                 00000b20   00000020  0000001e  00000002  RWIX
  CPU_TIMER0            00000c00   00000008  00000008  00000000  RWIX
  CPU_TIMER1            00000c08   00000008  00000008  00000000  RWIX
  CPU_TIMER2            00000c10   00000008  00000008  00000000  RWIX
  PIE_CTRL              00000ce0   00000020  0000001a  00000006  RWIX
  PIE_VECT              00000d00   00000100  00000100  00000000  RWIX
  DMA                   00001000   00000200  000000e0  00000120  RWIX
  MCBSPA                00005000   00000040  00000025  0000001b  RWIX
  MCBSPB                00005040   00000040  00000025  0000001b  RWIX
  ECANA                 00006000   00000040  00000034  0000000c  RWIX
  ECANA_LAM             00006040   00000040  00000040  00000000  RWIX
  ECANA_MOTS            00006080   00000040  00000040  00000000  RWIX
  ECANA_MOTO            000060c0   00000040  00000040  00000000  RWIX
  ECANA_MBOX            00006100   00000100  00000100  00000000  RWIX
  ECANB                 00006200   00000040  00000034  0000000c  RWIX
  ECANB_LAM             00006240   00000040  00000040  00000000  RWIX
  ECANB_MOTS            00006280   00000040  00000040  00000000  RWIX
  ECANB_MOTO            000062c0   00000040  00000040  00000000  RWIX
  ECANB_MBOX            00006300   00000100  00000100  00000000  RWIX
  EPWM1                 00006800   00000022  00000022  00000000  RWIX
  EPWM2                 00006840   00000022  00000022  00000000  RWIX
  EPWM3                 00006880   00000022  00000022  00000000  RWIX
  EPWM4                 000068c0   00000022  00000022  00000000  RWIX
  EPWM5                 00006900   00000022  00000022  00000000  RWIX
  EPWM6                 00006940   00000022  00000022  00000000  RWIX
  EPWM7                 00006980   00000040  00000022  0000001e  RWIX
  ECAP1                 00006a00   00000020  00000020  00000000  RWIX
  ECAP2                 00006a20   00000020  00000020  00000000  RWIX
  ECAP3                 00006a40   00000020  00000020  00000000  RWIX
  ECAP4                 00006a60   00000020  00000020  00000000  RWIX
  ECAP5                 00006a80   00000020  00000020  00000000  RWIX
  ECAP6                 00006aa0   00000020  00000020  00000000  RWIX
  EQEP1                 00006b00   00000040  00000040  00000000  RWIX
  EQEP2                 00006b40   00000040  00000040  00000000  RWIX
  GPIOCTRL              00006f80   00000040  0000002e  00000012  RWIX
  GPIODAT               00006fc0   00000020  00000020  00000000  RWIX
  GPIOINT               00006fe0   00000020  0000000a  00000016  RWIX
  SYSTEM                00007010   00000020  00000020  00000000  RWIX
  SPIA                  00007040   00000010  00000010  00000000  RWIX
  SCIA                  00007050   00000010  00000010  00000000  RWIX
  XINTRUPT              00007070   00000010  00000010  00000000  RWIX
  ADC                   00007100   00000020  0000001e  00000002  RWIX
  SCIB                  00007750   00000010  00000010  00000000  RWIX
  SCIC                  00007770   00000010  00000010  00000000  RWIX
  I2CA                  00007900   00000040  00000022  0000001e  RWIX
  RAML4                 0000c000   00001000  00000517  00000ae9  RWIX
  RAML5                 0000d000   00001000  00000000  00001000  RWIX
  RAML6                 0000e000   00001000  00000000  00001000  RWIX
  RAML7                 0000f000   00001000  00000000  00001000  RWIX
  ZONE7B                0020fc00   00000400  00000000  00000400  RWIX
  FLASHB                00330000   00008000  00000000  00008000  RWIX
  CSM_PWL               0033fff8   00000008  00000008  00000000  RWIX
  PARTID                00380090   00000001  00000001  00000000  RWIX


SECTION ALLOCATION MAP

 output                                  attributes/
section   page    origin      length       input sections
--------  ----  ----------  ----------   ----------------
DLOG       0    00009000    00000640     UNINITIALIZED
                  00009000    00000640     DLOG4CHC.obj (DLOG)

ramfuncs   0    00320000    0000001f     RUN ADDR = 00008000
                  00320000    0000001b     DSP2833x_SysCtrl.obj (ramfuncs)
                  0032001b    00000004     DSP2833x_usDelay.obj (ramfuncs)

IQmath     0    00328000    00000050     
                  00328000    00000029     IQmath_fpu32.lib : IQ24sinPU.obj (IQmath)
                  00328029    00000027                      : IQ24cosPU.obj (IQmath)

.econst    0    00338000    00005036     
                  00338000    00001f90     IdIqMap.obj (.econst:_Id_Map)
                  00339f90    00001f90     IdIqMap.obj (.econst:_Iq_Map)
                  0033bf20    00000802     Common_Math.obj (.econst:_fSin)
                  0033c722    00000802     Common_Math.obj (.econst:_ftan)
                  0033cf24    00000100     DSP2833x_PieVect.obj (.econst:_PieVectTableInit)
                  0033d024    00000008     Main_PMSM.obj (.econst)
                  0033d02c    00000004     MotorControl_ISR.obj (.econst)
                  0033d030    00000004     rts2800_fpu32.lib : e_fmodf.obj (.econst:_Zero)
                  0033d034    00000002                       : e_fmodf.obj (.econst)

.text      0    0033d036    000027af     
                  0033d036    0000062a     MotorControl_ISR.obj (.text:retain)
                  0033d660    0000044e     FOC_Control.obj (.text)
                  0033daae    00000316     DSP2833x_DefaultIsr.obj (.text:retain)
                  0033ddc4    000002eb     Main_PMSM.obj (.text)
                  0033e0af    000002e1     User_CAN.obj (.text)
                  0033e390    000002c4     MotorControl_ISR.obj (.text)
                  0033e654    0000028a     Common_Math.obj (.text)
                  0033e8de    0000023e     ADC_Sample.obj (.text)
                  0033eb1c    0000015a     protocol.obj (.text)
                  0033ec76    00000144     RS485.obj (.text)
                  0033edba    0000012b     AD2S1205_Resolver.obj (.text)
                  0033eee5    00000101     GPIO_int.obj (.text)
                  0033efe6    000000f8     DSP2833x_SysCtrl.obj (.text)
                  0033f0de    000000e8     ECANB.obj (.text)
                  0033f1c6    000000d0     rts2800_fpu32.lib : e_fmodf.obj (.text)
                  0033f296    000000b3     Task_manager.obj (.text)
                  0033f349    000000af     ADC_int.obj (.text)
                  0033f3f8    00000083     rts2800_fpu32.lib : fd_mpy28.obj (.text)
                  0033f47b    00000073     DSP2833x_CpuTimers.obj (.text)
                  0033f4ee    00000056     rts2800_fpu32.lib : boot28.obj (.text)
                  0033f544    0000004b     DLOG4CHC.obj (.text)
                  0033f58f    00000047     SCI_RS232.obj (.text)
                  0033f5d6    00000046     Axis_transform.obj (.text)
                  0033f61c    00000033     CpuTimer.obj (.text:retain)
                  0033f64f    00000029     rts2800_fpu32.lib : exit.obj (.text)
                  0033f678    00000028     DSP2833x_PieCtrl.obj (.text)
                  0033f6a0    00000025     CpuTimer.obj (.text)
                  0033f6c5    00000024     rts2800_fpu32.lib : cpy_tbl.obj (.text)
                  0033f6e9    00000020     API.obj (.text)
                  0033f709    00000020     DSP2833x_PieVect.obj (.text)
                  0033f729    0000001f     rts2800_fpu32.lib : fd_tol28.obj (.text)
                  0033f748    0000001d                       : memcpy.obj (.text)
                  0033f765    0000001c                       : fs_tofdfpu32.obj (.text)
                  0033f781    00000019                       : args_main.obj (.text)
                  0033f79a    00000019     rts2800_fpu32_fast_supplement.lib : div_f32.obj (.text)
                  0033f7b3    00000013     DSP2833x_MemCopy.obj (.text)
                  0033f7c6    0000000b     rts2800_fpu32.lib : u_div28.obj (.text)
                  0033f7d1    00000009                       : _lock.obj (.text)
                  0033f7da    00000008     DSP2833x_CodeStartBranch.obj (.text)
                  0033f7e2    00000002     rts2800_fpu32.lib : pre_init.obj (.text)
                  0033f7e4    00000001                       : startup.obj (.text)

.cinit     0    0033f7e5    00000443     
                  0033f7e5    000000f0     MotorControl_ISR.obj (.cinit)
                  0033f8d5    000000ef     FOC_Control.obj (.cinit)
                  0033f9c4    000000eb     Main_PMSM.obj (.cinit)
                  0033faaf    000000bc     PI_Cale.obj (.cinit)
                  0033fb6b    00000039     ADC_int.obj (.cinit)
                  0033fba4    00000020     ADC_Sample.obj (.cinit)
                  0033fbc4    0000001d     User_CAN.obj (.cinit)
                  0033fbe1    00000013     AD2S1205_Resolver.obj (.cinit)
                  0033fbf4    0000000e     rts2800_fpu32.lib : exit.obj (.cinit)
                  0033fc02    0000000c     protocol.obj (.cinit)
                  0033fc0e    00000009     Common_Math.obj (.cinit)
                  0033fc17    00000005     RS485.obj (.cinit)
                  0033fc1c    00000005     rts2800_fpu32.lib : _lock.obj (.cinit:__lock)
                  0033fc21    00000005                       : _lock.obj (.cinit:__unlock)
                  0033fc26    00000002     --HOLE-- [fill = 0]

codestart 
*          0    0033fff6    00000002     
                  0033fff6    00000002     DSP2833x_CodeStartBranch.obj (codestart)

.adc_cal   0    00380080    00000007     NOLOAD SECTION
                  00380080    00000007     DSP2833x_ADC_cal.obj (.adc_cal)

IQmathTables 
*          0    003fe000    00000b50     NOLOAD SECTION
                  003fe000    00000b50     IQmath_fpu32.lib : IQmathTables.obj (IQmathTables)

.stack     1    00000400    00000200     UNINITIALIZED
                  00000400    00000200     --HOLE--

DevEmuRegsFile 
*          1    00000880    000000d0     UNINITIALIZED
                  00000880    000000d0     DSP2833x_GlobalVariableDefs.obj (DevEmuRegsFile)

FlashRegsFile 
*          1    00000a80    00000008     UNINITIALIZED
                  00000a80    00000008     DSP2833x_GlobalVariableDefs.obj (FlashRegsFile)

CsmRegsFile 
*          1    00000ae0    00000010     UNINITIALIZED
                  00000ae0    00000010     DSP2833x_GlobalVariableDefs.obj (CsmRegsFile)

AdcMirrorFile 
*          1    00000b00    00000010     UNINITIALIZED
                  00000b00    00000010     DSP2833x_GlobalVariableDefs.obj (AdcMirrorFile)

XintfRegsFile 
*          1    00000b20    0000001e     UNINITIALIZED
                  00000b20    0000001e     DSP2833x_GlobalVariableDefs.obj (XintfRegsFile)

CpuTimer0RegsFile 
*          1    00000c00    00000008     UNINITIALIZED
                  00000c00    00000008     DSP2833x_GlobalVariableDefs.obj (CpuTimer0RegsFile)

CpuTimer1RegsFile 
*          1    00000c08    00000008     UNINITIALIZED
                  00000c08    00000008     DSP2833x_GlobalVariableDefs.obj (CpuTimer1RegsFile)

CpuTimer2RegsFile 
*          1    00000c10    00000008     UNINITIALIZED
                  00000c10    00000008     DSP2833x_GlobalVariableDefs.obj (CpuTimer2RegsFile)

PieCtrlRegsFile 
*          1    00000ce0    0000001a     UNINITIALIZED
                  00000ce0    0000001a     DSP2833x_GlobalVariableDefs.obj (PieCtrlRegsFile)

PieVectTableFile 
*          1    00000d00    00000100     UNINITIALIZED
                  00000d00    00000100     DSP2833x_GlobalVariableDefs.obj (PieVectTableFile)

DmaRegsFile 
*          1    00001000    000000e0     UNINITIALIZED
                  00001000    000000e0     DSP2833x_GlobalVariableDefs.obj (DmaRegsFile)

McbspaRegsFile 
*          1    00005000    00000025     UNINITIALIZED
                  00005000    00000025     DSP2833x_GlobalVariableDefs.obj (McbspaRegsFile)

McbspbRegsFile 
*          1    00005040    00000025     UNINITIALIZED
                  00005040    00000025     DSP2833x_GlobalVariableDefs.obj (McbspbRegsFile)

ECanaRegsFile 
*          1    00006000    00000034     UNINITIALIZED
                  00006000    00000034     DSP2833x_GlobalVariableDefs.obj (ECanaRegsFile)

ECanaLAMRegsFile 
*          1    00006040    00000040     UNINITIALIZED
                  00006040    00000040     DSP2833x_GlobalVariableDefs.obj (ECanaLAMRegsFile)

ECanaMOTSRegsFile 
*          1    00006080    00000040     UNINITIALIZED
                  00006080    00000040     DSP2833x_GlobalVariableDefs.obj (ECanaMOTSRegsFile)

ECanaMOTORegsFile 
*          1    000060c0    00000040     UNINITIALIZED
                  000060c0    00000040     DSP2833x_GlobalVariableDefs.obj (ECanaMOTORegsFile)

ECanaMboxesFile 
*          1    00006100    00000100     UNINITIALIZED
                  00006100    00000100     DSP2833x_GlobalVariableDefs.obj (ECanaMboxesFile)

ECanbRegsFile 
*          1    00006200    00000034     UNINITIALIZED
                  00006200    00000034     DSP2833x_GlobalVariableDefs.obj (ECanbRegsFile)

ECanbLAMRegsFile 
*          1    00006240    00000040     UNINITIALIZED
                  00006240    00000040     DSP2833x_GlobalVariableDefs.obj (ECanbLAMRegsFile)

ECanbMOTSRegsFile 
*          1    00006280    00000040     UNINITIALIZED
                  00006280    00000040     DSP2833x_GlobalVariableDefs.obj (ECanbMOTSRegsFile)

ECanbMOTORegsFile 
*          1    000062c0    00000040     UNINITIALIZED
                  000062c0    00000040     DSP2833x_GlobalVariableDefs.obj (ECanbMOTORegsFile)

ECanbMboxesFile 
*          1    00006300    00000100     UNINITIALIZED
                  00006300    00000100     DSP2833x_GlobalVariableDefs.obj (ECanbMboxesFile)

EPwm1RegsFile 
*          1    00006800    00000022     UNINITIALIZED
                  00006800    00000022     DSP2833x_GlobalVariableDefs.obj (EPwm1RegsFile)

EPwm2RegsFile 
*          1    00006840    00000022     UNINITIALIZED
                  00006840    00000022     DSP2833x_GlobalVariableDefs.obj (EPwm2RegsFile)

EPwm3RegsFile 
*          1    00006880    00000022     UNINITIALIZED
                  00006880    00000022     DSP2833x_GlobalVariableDefs.obj (EPwm3RegsFile)

EPwm4RegsFile 
*          1    000068c0    00000022     UNINITIALIZED
                  000068c0    00000022     DSP2833x_GlobalVariableDefs.obj (EPwm4RegsFile)

EPwm5RegsFile 
*          1    00006900    00000022     UNINITIALIZED
                  00006900    00000022     DSP2833x_GlobalVariableDefs.obj (EPwm5RegsFile)

EPwm6RegsFile 
*          1    00006940    00000022     UNINITIALIZED
                  00006940    00000022     DSP2833x_GlobalVariableDefs.obj (EPwm6RegsFile)

EPwm7RegsFile 
*          1    00006980    00000022     UNINITIALIZED
                  00006980    00000022     DSP2833x_GlobalVariableDefs.obj (EPwm7RegsFile)

ECap1RegsFile 
*          1    00006a00    00000020     UNINITIALIZED
                  00006a00    00000020     DSP2833x_GlobalVariableDefs.obj (ECap1RegsFile)

ECap2RegsFile 
*          1    00006a20    00000020     UNINITIALIZED
                  00006a20    00000020     DSP2833x_GlobalVariableDefs.obj (ECap2RegsFile)

ECap3RegsFile 
*          1    00006a40    00000020     UNINITIALIZED
                  00006a40    00000020     DSP2833x_GlobalVariableDefs.obj (ECap3RegsFile)

ECap4RegsFile 
*          1    00006a60    00000020     UNINITIALIZED
                  00006a60    00000020     DSP2833x_GlobalVariableDefs.obj (ECap4RegsFile)

ECap5RegsFile 
*          1    00006a80    00000020     UNINITIALIZED
                  00006a80    00000020     DSP2833x_GlobalVariableDefs.obj (ECap5RegsFile)

ECap6RegsFile 
*          1    00006aa0    00000020     UNINITIALIZED
                  00006aa0    00000020     DSP2833x_GlobalVariableDefs.obj (ECap6RegsFile)

EQep1RegsFile 
*          1    00006b00    00000040     UNINITIALIZED
                  00006b00    00000040     DSP2833x_GlobalVariableDefs.obj (EQep1RegsFile)

EQep2RegsFile 
*          1    00006b40    00000040     UNINITIALIZED
                  00006b40    00000040     DSP2833x_GlobalVariableDefs.obj (EQep2RegsFile)

GpioCtrlRegsFile 
*          1    00006f80    0000002e     UNINITIALIZED
                  00006f80    0000002e     DSP2833x_GlobalVariableDefs.obj (GpioCtrlRegsFile)

GpioDataRegsFile 
*          1    00006fc0    00000020     UNINITIALIZED
                  00006fc0    00000020     DSP2833x_GlobalVariableDefs.obj (GpioDataRegsFile)

GpioIntRegsFile 
*          1    00006fe0    0000000a     UNINITIALIZED
                  00006fe0    0000000a     DSP2833x_GlobalVariableDefs.obj (GpioIntRegsFile)

SysCtrlRegsFile 
*          1    00007010    00000020     UNINITIALIZED
                  00007010    00000020     DSP2833x_GlobalVariableDefs.obj (SysCtrlRegsFile)

SpiaRegsFile 
*          1    00007040    00000010     UNINITIALIZED
                  00007040    00000010     DSP2833x_GlobalVariableDefs.obj (SpiaRegsFile)

SciaRegsFile 
*          1    00007050    00000010     UNINITIALIZED
                  00007050    00000010     DSP2833x_GlobalVariableDefs.obj (SciaRegsFile)

XIntruptRegsFile 
*          1    00007070    00000010     UNINITIALIZED
                  00007070    00000010     DSP2833x_GlobalVariableDefs.obj (XIntruptRegsFile)

AdcRegsFile 
*          1    00007100    0000001e     UNINITIALIZED
                  00007100    0000001e     DSP2833x_GlobalVariableDefs.obj (AdcRegsFile)

ScibRegsFile 
*          1    00007750    00000010     UNINITIALIZED
                  00007750    00000010     DSP2833x_GlobalVariableDefs.obj (ScibRegsFile)

ScicRegsFile 
*          1    00007770    00000010     UNINITIALIZED
                  00007770    00000010     DSP2833x_GlobalVariableDefs.obj (ScicRegsFile)

I2caRegsFile 
*          1    00007900    00000022     UNINITIALIZED
                  00007900    00000022     DSP2833x_GlobalVariableDefs.obj (I2caRegsFile)

.ebss      1    0000c000    00000517     UNINITIALIZED
                  0000c000    00000100     ADC_Sample.obj (.ebss)
                  0000c100    000000ec     PI_Cale.obj (.ebss)
                  0000c1ec    00000012     AD2S1205_Resolver.obj (.ebss)
                  0000c1fe    00000002     rts2800_fpu32.lib : _lock.obj (.ebss:__lock)
                  0000c200    000000ba     Main_PMSM.obj (.ebss)
                  0000c2ba    00000006     Common_Math.obj (.ebss)
                  0000c2c0    000000b8     FOC_Control.obj (.ebss)
                  0000c378    00000006     rts2800_fpu32.lib : exit.obj (.ebss)
                  0000c37e    00000002                       : _lock.obj (.ebss:__unlock)
                  0000c380    000000b6     MotorControl_ISR.obj (.ebss)
                  0000c436    0000000a     --HOLE--
                  0000c440    00000038     RS485.obj (.ebss)
                  0000c478    00000008     --HOLE--
                  0000c480    00000030     ADC_int.obj (.ebss)
                  0000c4b0    00000010     Task_manager.obj (.ebss)
                  0000c4c0    0000001a     User_CAN.obj (.ebss)
                  0000c4da    00000018     DSP2833x_CpuTimers.obj (.ebss)
                  0000c4f2    0000000e     --HOLE--
                  0000c500    00000017     protocol.obj (.ebss)

CsmPwlFile 
*          1    0033fff8    00000008     UNINITIALIZED
                  0033fff8    00000008     DSP2833x_GlobalVariableDefs.obj (CsmPwlFile)

PartIdRegsFile 
*          1    00380090    00000001     UNINITIALIZED
                  00380090    00000001     DSP2833x_GlobalVariableDefs.obj (PartIdRegsFile)

.pinit     0    00338000    00000000     UNINITIALIZED

.reset     0    003fffc0    00000002     DSECT
                  003fffc0    00000002     rts2800_fpu32.lib : boot28.obj (.reset)

vectors    0    003fffc2    00000000     DSECT

MODULE SUMMARY

       Module                            code    initialized data   uninitialized data
       ------                            ----    ----------------   ------------------
    .\
       DLOG4CHC.obj                      75      0                  1600              
    +--+---------------------------------+-------+------------------+--------------------+
       Total:                            75      0                  1600              
                                                                                      
    .\DSP2833x_source\
       DSP2833x_GlobalVariableDefs.obj   0       0                  2713              
       DSP2833x_DefaultIsr.obj           790     0                  0                 
       DSP2833x_SysCtrl.obj              302     0                  0                 
       DSP2833x_PieVect.obj              32      256                0                 
       DSP2833x_CpuTimers.obj            115     0                  24                
       DSP2833x_PieCtrl.obj              40      0                  0                 
       DSP2833x_MemCopy.obj              19      0                  0                 
       DSP2833x_CodeStartBranch.obj      10      0                  0                 
       DSP2833x_usDelay.obj              8       0                  0                 
       DSP2833x_ADC_cal.obj              7       0                  0                 
    +--+---------------------------------+-------+------------------+--------------------+
       Total:                            1323    256                2737              
                                                                                      
    .\Drive_program\
       RS485.obj                         324     5                  56                
       protocol.obj                      346     12                 23                
       ADC_int.obj                       175     57                 48                
       GPIO_int.obj                      257     0                  0                 
       ECANB.obj                         232     0                  0                 
       CpuTimer.obj                      88      0                  0                 
       SCI_RS232.obj                     71      0                  0                 
    +--+---------------------------------+-------+------------------+--------------------+
       Total:                            1493    74                 127               
                                                                                      
    .\MotorControl_program\
       IdIqMap.obj                       0       16160              0                 
       Common_Math.obj                   650     4109               6                 
       MotorControl_ISR.obj              2286    244                182               
       FOC_Control.obj                   1102    239                184               
       ADC_Sample.obj                    574     32                 256               
       PI_Cale.obj                       0       188                236               
       AD2S1205_Resolver.obj             299     19                 18                
       Axis_transform.obj                70      0                  0                 
       API.obj                           32      0                  0                 
    +--+---------------------------------+-------+------------------+--------------------+
       Total:                            5013    20991              882               
                                                                                      
    .\User_program\
       Main_PMSM.obj                     747     243                186               
       User_CAN.obj                      737     29                 26                
       Task_manager.obj                  179     0                  16                
    +--+---------------------------------+-------+------------------+--------------------+
       Total:                            1663    272                228               
                                                                                      
    ../IQmath_fpu32.lib
       IQmathTables.obj                  0       2896               0                 
       IQ24sinPU.obj                     41      0                  0                 
       IQ24cosPU.obj                     39      0                  0                 
    +--+---------------------------------+-------+------------------+--------------------+
       Total:                            80      2896               0                 
                                                                                      
    D:/ti/ccs1200/ccs/tools/compiler/ti-cgt-c2000_16.9.11.LTS/lib/rts2800_fpu32.lib
       e_fmodf.obj                       208     6                  0                 
       fd_mpy28.obj                      131     0                  0                 
       boot28.obj                        86      0                  0                 
       exit.obj                          41      14                 6                 
       cpy_tbl.obj                       36      0                  0                 
       fd_tol28.obj                      31      0                  0                 
       memcpy.obj                        29      0                  0                 
       fs_tofdfpu32.obj                  28      0                  0                 
       args_main.obj                     25      0                  0                 
       _lock.obj                         9       10                 4                 
       u_div28.obj                       11      0                  0                 
       pre_init.obj                      2       0                  0                 
       startup.obj                       1       0                  0                 
    +--+---------------------------------+-------+------------------+--------------------+
       Total:                            638     30                 10                
                                                                                      
    F:/WS/DSP28335_PMSM_XBEV/rts2800_fpu32_fast_supplement.lib
       div_f32.obj                       25      0                  0                 
    +--+---------------------------------+-------+------------------+--------------------+
       Total:                            25      0                  0                 
                                                                                      
       Stack:                            0       0                  512               
    +--+---------------------------------+-------+------------------+--------------------+
       Grand Total:                      10310   24519              6096              


GLOBAL DATA SYMBOLS: SORTED BY DATA PAGE

address     data page           name
--------    ----------------    ----
00000400      10 (00000400)     __stack

00000880      22 (00000880)     _DevEmuRegs

00000a80      2a (00000a80)     _FlashRegs

00000ae0      2b (00000ac0)     _CsmRegs

00000b00      2c (00000b00)     _AdcMirror
00000b20      2c (00000b00)     _XintfRegs

00000c00      30 (00000c00)     _CpuTimer0Regs
00000c08      30 (00000c00)     _CpuTimer1Regs
00000c10      30 (00000c00)     _CpuTimer2Regs

00000ce0      33 (00000cc0)     _PieCtrlRegs

00000d00      34 (00000d00)     _PieVectTable

00001000      40 (00001000)     _DmaRegs

00005000     140 (00005000)     _McbspaRegs

00005040     141 (00005040)     _McbspbRegs

00006000     180 (00006000)     _ECanaRegs

00006040     181 (00006040)     _ECanaLAMRegs

00006080     182 (00006080)     _ECanaMOTSRegs

000060c0     183 (000060c0)     _ECanaMOTORegs

00006100     184 (00006100)     _ECanaMboxes

00006200     188 (00006200)     _ECanbRegs

00006240     189 (00006240)     _ECanbLAMRegs

00006280     18a (00006280)     _ECanbMOTSRegs

000062c0     18b (000062c0)     _ECanbMOTORegs

00006300     18c (00006300)     _ECanbMboxes

00006800     1a0 (00006800)     _EPwm1Regs

00006840     1a1 (00006840)     _EPwm2Regs

00006880     1a2 (00006880)     _EPwm3Regs

000068c0     1a3 (000068c0)     _EPwm4Regs

00006900     1a4 (00006900)     _EPwm5Regs

00006940     1a5 (00006940)     _EPwm6Regs

00006980     1a6 (00006980)     _EPwm7Regs

00006a00     1a8 (00006a00)     _ECap1Regs
00006a20     1a8 (00006a00)     _ECap2Regs

00006a40     1a9 (00006a40)     _ECap3Regs
00006a60     1a9 (00006a40)     _ECap4Regs

00006a80     1aa (00006a80)     _ECap5Regs
00006aa0     1aa (00006a80)     _ECap6Regs

00006b00     1ac (00006b00)     _EQep1Regs

00006b40     1ad (00006b40)     _EQep2Regs

00006f80     1be (00006f80)     _GpioCtrlRegs

00006fc0     1bf (00006fc0)     _GpioDataRegs
00006fe0     1bf (00006fc0)     _GpioIntRegs

00007010     1c0 (00007000)     _SysCtrlRegs

00007040     1c1 (00007040)     _SpiaRegs
00007050     1c1 (00007040)     _SciaRegs
00007070     1c1 (00007040)     _XIntruptRegs

00007100     1c4 (00007100)     _AdcRegs

00007750     1dd (00007740)     _ScibRegs
00007770     1dd (00007740)     _ScicRegs

00007900     1e4 (00007900)     _I2caRegs

0000c002     300 (0000c000)     _Volt_CurrPara
0000c00c     300 (0000c000)     _ADCSampPara

0000c100     304 (0000c100)     _pi_iq

0000c140     305 (0000c140)     _pi_FW

0000c180     306 (0000c180)     _pi_spd

0000c1c0     307 (0000c1c0)     _pi_id
0000c1ec     307 (0000c1c0)     _AD2SXBPare
0000c1fe     307 (0000c1c0)     __lock

0000c200     308 (0000c200)     _BackTicker
0000c201     308 (0000c200)     _SpeedLoopCount
0000c202     308 (0000c200)     _tick
0000c203     308 (0000c200)     _SpeedLoopPrescaler
0000c204     308 (0000c200)     _DlogCh1
0000c205     308 (0000c200)     _EnableFlag
0000c206     308 (0000c200)     _DlogCh4
0000c207     308 (0000c200)     _DlogCh3
0000c208     308 (0000c200)     _DlogCh2
0000c20a     308 (0000c200)     _T
0000c20c     308 (0000c200)     _pwmdac1
0000c212     308 (0000c200)     _eQEP
0000c218     308 (0000c200)     _pwm1
0000c224     308 (0000c200)     _smo1_const
0000c232     308 (0000c200)     _eCAP

0000c240     309 (0000c240)     _ePWM
0000c250     309 (0000c240)     _speed3
0000c262     309 (0000c240)     _dlog

0000c280     30a (0000c280)     _speed1
0000c296     30a (0000c280)     _smo1
0000c2ba     30a (0000c280)     _Ang_SinCosPark

0000c2c0     30b (0000c2c0)     _VF_AngleJZ
0000c2c1     30b (0000c2c0)     _Park_Angle
0000c2c2     30b (0000c2c0)     _Spd_Count
0000c2c3     30b (0000c2c0)     _FW_Count
0000c2c4     30b (0000c2c0)     _V_d
0000c2c6     30b (0000c2c0)     _FW_Curr_d
0000c2c8     30b (0000c2c0)     _V_q
0000c2ca     30b (0000c2c0)     _VF_Angle
0000c2cc     30b (0000c2c0)     _Park_SinCos
0000c2d2     30b (0000c2c0)     _IPark_SinCos
0000c2d8     30b (0000c2c0)     _VF_Vq_GXieLv
0000c2e0     30b (0000c2c0)     _VF_Freq_GXieLv
0000c2e8     30b (0000c2c0)     _V_q_GXieLv
0000c2f0     30b (0000c2c0)     _V_d_GXieLv
0000c2f8     30b (0000c2c0)     _SpeedRpm_GXieLv

0000c300     30c (0000c300)     _I_q_GXieLv
0000c308     30c (0000c300)     _I_d_GXieLv
0000c310     30c (0000c300)     _Trq_0D1NM_GXieLv
0000c318     30c (0000c300)     _CESHIIIII565
0000c324     30c (0000c300)     _ipark1
0000c332     30c (0000c300)     _clark1

0000c340     30d (0000c340)     _park1
0000c34e     30d (0000c340)     _svpwm1
0000c360     30d (0000c340)     _Control_FB_Para
0000c378     30d (0000c340)     ___TI_enable_exit_profile_output
0000c37a     30d (0000c340)     ___TI_cleanup_ptr
0000c37c     30d (0000c340)     ___TI_dtors_ptr
0000c37e     30d (0000c340)     __unlock

0000c380     30e (0000c380)     _dir_fwd
0000c381     30e (0000c380)     _ReverseBack
0000c382     30e (0000c380)     _pos_protect
0000c383     30e (0000c380)     _over_current
0000c384     30e (0000c380)     _currentMode
0000c385     30e (0000c380)     _brake_hold
0000c386     30e (0000c380)     _OverCurrentDetected
0000c387     30e (0000c380)     _MotionInProgress
0000c388     30e (0000c380)     _sys_reset
0000c389     30e (0000c380)     _motor_run
0000c38a     30e (0000c380)     _lsw
0000c38c     30e (0000c380)     _IdRef
0000c38e     30e (0000c380)     _VqTesting
0000c390     30e (0000c380)     _SpeedRef
0000c392     30e (0000c380)     _IqRef
0000c394     30e (0000c380)     _offsetA
0000c396     30e (0000c380)     _positive_threshold
0000c398     30e (0000c380)     _CurrentThreshold
0000c39a     30e (0000c380)     _IsrTicker
0000c39c     30e (0000c380)     _negative_threshold
0000c39e     30e (0000c380)     _VdTesting
0000c3a0     30e (0000c380)     _adcResult2IQ
0000c3a2     30e (0000c380)     _offsetB
0000c3a4     30e (0000c380)     _adcResult3IQ
0000c3a6     30e (0000c380)     _K2
0000c3a8     30e (0000c380)     _K1
0000c3ac     30e (0000c380)     _gMotorVars
0000c3ae     30e (0000c380)     _motorSt

0000c3c0     30f (0000c3c0)     _rg1
0000c3cc     30f (0000c3c0)     _mMotorOffsets
0000c3dc     30f (0000c3c0)     _rc1

0000c400     310 (0000c400)     _volt1
0000c416     310 (0000c400)     _resolver1

0000c440     311 (0000c440)     _genericIO_16bitWrite

0000c480     312 (0000c480)     _ACQPS
0000c490     312 (0000c480)     _TrigSel
0000c4a0     312 (0000c480)     _ChSel
0000c4b0     312 (0000c480)     _TasksPare

0000c4c0     313 (0000c4c0)     _CAN_ControlPara
0000c4da     313 (0000c4c0)     _CpuTimer1
0000c4e2     313 (0000c4c0)     _CpuTimer2
0000c4ea     313 (0000c4c0)     _CpuTimer0

00338000    ce00 (00338000)     _Id_Map

00339f90    ce7e (00339f80)     _Iq_Map

0033bf20    cefc (0033bf00)     _fSin

0033c722    cf1c (0033c700)     _ftan

0033cf24    cf3c (0033cf00)     _PieVectTableInit

0033fff8    cfff (0033ffc0)     _CsmPwl

00380090    e002 (00380080)     _PartIdRegs

003fe000    ff80 (003fe000)     _IQsinTable

003fe100    ff84 (003fe100)     _IQcosTable

003fe400    ff90 (003fe400)     _IQsinTableEnd

003fe502    ff94 (003fe500)     _IQcosTableEnd
003fe502    ff94 (003fe500)     _IQdivRoundSatTable
003fe510    ff94 (003fe500)     _IQdivTable

003fe712    ff9c (003fe700)     _IQdivTableEnd
003fe712    ff9c (003fe700)     _IQisqrtRoundSatTable
003fe712    ff9c (003fe700)     _IQsqrtRoundSatTable
003fe722    ff9c (003fe700)     _IQisqrtTable
003fe722    ff9c (003fe700)     _IQsqrtTable

003fe824    ffa0 (003fe800)     _IQatan2HalfPITable
003fe824    ffa0 (003fe800)     _IQisqrtTableEnd
003fe824    ffa0 (003fe800)     _IQsqrtTableEnd

003fe862    ffa1 (003fe840)     _IQatan2Table

003fe9e8    ffa7 (003fe9c0)     _IQ30mpyRndSatTable
003fe9e8    ffa7 (003fe9c0)     _IQatan2TableEnd
003fe9e8    ffa7 (003fe9c0)     _IQmpyRndSatTable
003fe9f4    ffa7 (003fe9c0)     _IQ29mpyRndSatTable

003fea00    ffa8 (003fea00)     _IQ28mpyRndSatTable
003fea0c    ffa8 (003fea00)     _IQ27mpyRndSatTable
003fea18    ffa8 (003fea00)     _IQ26mpyRndSatTable
003fea24    ffa8 (003fea00)     _IQ25mpyRndSatTable
003fea30    ffa8 (003fea00)     _IQ24mpyRndSatTable
003fea3c    ffa8 (003fea00)     _IQ23mpyRndSatTable

003fea48    ffa9 (003fea40)     _IQ22mpyRndSatTable
003fea54    ffa9 (003fea40)     _IQ21mpyRndSatTable
003fea60    ffa9 (003fea40)     _IQ20mpyRndSatTable
003fea6c    ffa9 (003fea40)     _IQ19mpyRndSatTable
003fea78    ffa9 (003fea40)     _IQ18mpyRndSatTable

003fea84    ffaa (003fea80)     _IQ17mpyRndSatTable
003fea90    ffaa (003fea80)     _IQ16mpyRndSatTable
003fea9c    ffaa (003fea80)     _IQ15mpyRndSatTable
003feaa8    ffaa (003fea80)     _IQ14mpyRndSatTable
003feab4    ffaa (003fea80)     _IQ13mpyRndSatTable

003feac0    ffab (003feac0)     _IQ12mpyRndSatTable
003feacc    ffab (003feac0)     _IQ11mpyRndSatTable
003fead8    ffab (003feac0)     _IQ10mpyRndSatTable
003feae4    ffab (003feac0)     _IQ9mpyRndSatTable
003feaf0    ffab (003feac0)     _IQ8mpyRndSatTable
003feafc    ffab (003feac0)     _IQ7mpyRndSatTable

003feb08    ffac (003feb00)     _IQ6mpyRndSatTable
003feb14    ffac (003feb00)     _IQ5mpyRndSatTable
003feb20    ffac (003feb00)     _IQ4mpyRndSatTable
003feb2c    ffac (003feb00)     _IQ3mpyRndSatTable
003feb38    ffac (003feb00)     _IQ2mpyRndSatTable

003feb44    ffad (003feb40)     _IQ1mpyRndSatTable
003feb50    ffad (003feb40)     _IQmpyRndSatTableEnd


GLOBAL SYMBOLS: SORTED ALPHABETICALLY BY Name 

page  address   name                                     
----  -------   ----                                     
0     0033d036  .text                                    
0     0033f64f  C$$EXIT                                  
0     0033f3f8  FD$$MPY                                  
0     0033f729  FD$$TOL                                  
0     0033f79a  FS$$DIV                                  
0     0033f765  FS$$TOFD                                 
0     0033f7c6  U$$DIV                                   
0     0033f7cb  U$$MOD                                   
1     0000c480  _ACQPS                                   
0     0033edcd  _AD2S1205_Init                           
0     0033ee33  _AD2S1205_Read                           
1     0000c1ec  _AD2SXBPare                              
0     0033db94  _ADCINT_ISR                              
1     0000c00c  _ADCSampPara                             
0     0033f349  _ADC_MACRO_INIT                          
0     0033f3d7  _ADC_SOC_int                             
0     0033e8de  _ADC_Sample                              
0     0033e903  _ADC_Sample_deal                         
0     00380080  _ADC_cal                                 
1     00000b00  _AdcMirror                               
1     00007100  _AdcRegs                                 
1     0000c2ba  _Ang_SinCosPark                          
0     0033e6ec  _Atan_Cale                               
1     0000c200  _BackTicker                              
0     0033e30d  _CAN_ControlMotor_CMD                    
1     0000c4c0  _CAN_ControlPara                         
0     0033e2a9  _CAN_Rcv1                                
0     0033e351  _CAN_Rcv2                                
1     0000c318  _CESHIIIII565                            
0     0033f5d6  _CLARKE_Cale                             
1     0000c4a0  _ChSel                                   
0     0033f2f8  _Ckeck_BoMa                              
0     0033f4b4  _ConfigCpuTimer                          
1     0000c360  _Control_FB_Para                         
0     0033d8c7  _Control_Mode_CmdPara                    
1     0000c4ea  _CpuTimer0                               
1     00000c00  _CpuTimer0Regs                           
1     0000c4da  _CpuTimer1                               
1     00000c08  _CpuTimer1Regs                           
1     0000c4e2  _CpuTimer2                               
1     00000c10  _CpuTimer2Regs                           
1     0033fff8  _CsmPwl                                  
1     00000ae0  _CsmRegs                                 
0     0033f0ad  _CsmUnlock                               
1     0000c398  _CurrentThreshold                        
0     0033dac2  _DATALOG_ISR                             
0     0033dcb6  _DINTCH1_ISR                             
0     0033dcc0  _DINTCH2_ISR                             
0     0033dcca  _DINTCH3_ISR                             
0     0033dcd4  _DINTCH4_ISR                             
0     0033dcde  _DINTCH5_ISR                             
0     0033dce8  _DINTCH6_ISR                             
0     0033f544  _DLOG_4CH_init                           
0     0033f54f  _DLOG_4CH_update                         
0     0000801b  _DSP28x_usDelay                          
0     0033e9e3  _DWQ_Control_AD                          
0     0033f301  _Deal_Fault                              
0     0033e88e  _Delay_100ns                             
0     0033e8c2  _Delay_ms                                
0     0033e8a8  _Delay_us                                
1     00000880  _DevEmuRegs                              
0     0033eff9  _DisableDog                              
1     0000c204  _DlogCh1                                 
1     0000c208  _DlogCh2                                 
1     0000c207  _DlogCh3                                 
1     0000c206  _DlogCh4                                 
1     00001000  _DmaRegs                                 
0     0033dd42  _ECAN0INTA_ISR                           
0     0033dd56  _ECAN0INTB_ISR                           
0     0033dd4c  _ECAN1INTA_ISR                           
0     0033dd60  _ECAN1INTB_ISR                           
0     0033e0e8  _ECANB_MB1_send                          
0     0033e12e  _ECANB_MB2_send                          
0     0033e194  _ECANB_MB3_send                          
0     0033e1e0  _ECANB_MB4_send                          
0     0033e243  _ECANB_MB5_send                          
0     0033dc2a  _ECAP1_INT_ISR                           
0     0033dc34  _ECAP2_INT_ISR                           
0     0033dc3e  _ECAP3_INT_ISR                           
0     0033dc48  _ECAP4_INT_ISR                           
0     0033dc52  _ECAP5_INT_ISR                           
0     0033dc5c  _ECAP6_INT_ISR                           
0     0033f0de  _ECanB_init                              
1     00006040  _ECanaLAMRegs                            
1     000060c0  _ECanaMOTORegs                           
1     00006080  _ECanaMOTSRegs                           
1     00006100  _ECanaMboxes                             
1     00006000  _ECanaRegs                               
1     00006240  _ECanbLAMRegs                            
1     000062c0  _ECanbMOTORegs                           
1     00006280  _ECanbMOTSRegs                           
1     00006300  _ECanbMboxes                             
1     00006200  _ECanbRegs                               
1     00006a00  _ECap1Regs                               
1     00006a20  _ECap2Regs                               
1     00006a40  _ECap3Regs                               
1     00006a60  _ECap4Regs                               
1     00006a80  _ECap5Regs                               
1     00006aa0  _ECap6Regs                               
0     0033dad6  _EMUINT_ISR                              
0     0033dbee  _EPWM1_INT_ISR                           
0     0033dbb2  _EPWM1_TZINT_ISR                         
0     0033dbf8  _EPWM2_INT_ISR                           
0     0033dbbc  _EPWM2_TZINT_ISR                         
0     0033dc02  _EPWM3_INT_ISR                           
0     0033dbc6  _EPWM3_TZINT_ISR                         
0     0033dc0c  _EPWM4_INT_ISR                           
0     0033dbd0  _EPWM4_TZINT_ISR                         
0     0033dc16  _EPWM5_INT_ISR                           
0     0033dbda  _EPWM5_TZINT_ISR                         
0     0033dc20  _EPWM6_INT_ISR                           
0     0033dbe4  _EPWM6_TZINT_ISR                         
1     00006800  _EPwm1Regs                               
1     00006840  _EPwm2Regs                               
1     00006880  _EPwm3Regs                               
1     000068c0  _EPwm4Regs                               
1     00006900  _EPwm5Regs                               
1     00006940  _EPwm6Regs                               
1     00006980  _EPwm7Regs                               
0     0033dc66  _EQEP1_INT_ISR                           
0     0033dc70  _EQEP2_INT_ISR                           
1     00006b00  _EQep1Regs                               
1     00006b40  _EQep2Regs                               
1     0000c205  _EnableFlag                              
0     0033f697  _EnableInterrupts                        
0     0033f2c2  _Execute_Task_List_RUN                   
0     0033d9e4  _FOC_Control_Select                      
0     0033da45  _FOC_Control_TestPara                    
0     0033d93f  _FOC_Svpwm_dq                            
1     0000c2c3  _FW_Count                                
1     0000c2c6  _FW_Curr_d                               
0     0033d6d2  _FW_PI                                   
1     00000a80  _FlashRegs                               
1     00006f80  _GpioCtrlRegs                            
1     00006fc0  _GpioDataRegs                            
1     00006fe0  _GpioIntRegs                             
0     0033e81d  _Grad_XieLv                              
0     0033f2f7  _HF_Data                                 
0     0033dcf2  _I2CINT1A_ISR                            
0     0033dcfc  _I2CINT2A_ISR                            
1     00007900  _I2caRegs                                
0     0033daea  _ILLEGAL_ISR                             
0     0033daae  _INT13_ISR                               
0     0033dab8  _INT14_ISR                               
1     0000c2d2  _IPark_SinCos                            
0     003fead8  _IQ10mpyRndSatTable                      
0     003feacc  _IQ11mpyRndSatTable                      
0     003feac0  _IQ12mpyRndSatTable                      
0     003feab4  _IQ13mpyRndSatTable                      
0     003feaa8  _IQ14mpyRndSatTable                      
0     003fea9c  _IQ15mpyRndSatTable                      
0     003fea90  _IQ16mpyRndSatTable                      
0     003fea84  _IQ17mpyRndSatTable                      
0     003fea78  _IQ18mpyRndSatTable                      
0     003fea6c  _IQ19mpyRndSatTable                      
0     003feb44  _IQ1mpyRndSatTable                       
0     003fea60  _IQ20mpyRndSatTable                      
0     003fea54  _IQ21mpyRndSatTable                      
0     003fea48  _IQ22mpyRndSatTable                      
0     003fea3c  _IQ23mpyRndSatTable                      
0     003fea30  _IQ24mpyRndSatTable                      
0     003fea24  _IQ25mpyRndSatTable                      
0     003fea18  _IQ26mpyRndSatTable                      
0     003fea0c  _IQ27mpyRndSatTable                      
0     003fea00  _IQ28mpyRndSatTable                      
0     003fe9f4  _IQ29mpyRndSatTable                      
0     003feb38  _IQ2mpyRndSatTable                       
0     003fe9e8  _IQ30mpyRndSatTable                      
0     003feb2c  _IQ3mpyRndSatTable                       
0     003feb20  _IQ4mpyRndSatTable                       
0     003feb14  _IQ5mpyRndSatTable                       
0     003feb08  _IQ6mpyRndSatTable                       
0     003feafc  _IQ7mpyRndSatTable                       
0     003feaf0  _IQ8mpyRndSatTable                       
0     003feae4  _IQ9mpyRndSatTable                       
0     0033e851  _IQSqrt                                  
0     003fe824  _IQatan2HalfPITable                      
0     003fe862  _IQatan2Table                            
0     003fe9e8  _IQatan2TableEnd                         
0     003fe100  _IQcosTable                              
0     003fe502  _IQcosTableEnd                           
0     003fe502  _IQdivRoundSatTable                      
0     003fe510  _IQdivTable                              
0     003fe712  _IQdivTableEnd                           
0     003fe712  _IQisqrtRoundSatTable                    
0     003fe722  _IQisqrtTable                            
0     003fe824  _IQisqrtTableEnd                         
0     003fe9e8  _IQmpyRndSatTable                        
0     003feb50  _IQmpyRndSatTableEnd                     
0     003fe000  _IQsinTable                              
0     003fe400  _IQsinTableEnd                           
0     003fe712  _IQsqrtRoundSatTable                     
0     003fe722  _IQsqrtTable                             
0     003fe824  _IQsqrtTableEnd                          
1     0000c308  _I_d_GXieLv                              
1     0000c300  _I_q_GXieLv                              
1     0000c38c  _IdRef                                   
0     00338000  _Id_Map                                  
0     0033d869  _Idq_FOC                                 
0     0033f6a0  _InitCpuTimer0                           
0     0033f47b  _InitCpuTimers                           
0     00008000  _InitFlash                               
0     0033f052  _InitPeripheralClocks                    
0     0033f678  _InitPieCtrl                             
0     0033f709  _InitPieVectTable                        
0     0033f001  _InitPll                                 
0     0033efa9  _InitScirs485bGpio                       
0     0033efe6  _InitSysCtrl                             
0     0033eef3  _Init_3MotorGpio                         
0     0033ef13  _Init_DACEPWMGpio                        
0     0033ef23  _Init_ECanbGpio                          
0     0033ef33  _Init_Gpio_AD2S1205                      
0     0033eee5  _Init_Gpio_LED                           
0     0033ef9f  _Init_OneBMKGGpio                        
1     0000c392  _IqRef                                   
0     00339f90  _Iq_Map                                  
0     0033edba  _IsOverCurrent                           
1     0000c39a  _IsrTicker                               
1     0000c3a8  _K1                                      
1     0000c3a6  _K2                                      
0     0033dda6  _LUF_ISR                                 
0     0033dd9c  _LVF_ISR                                 
0     0033e7fc  _Limit_Sat                               
0     0033dca2  _MRINTA_ISR                              
0     0033dc8e  _MRINTB_ISR                              
0     0033dcac  _MXINTA_ISR                              
0     0033dc98  _MXINTB_ISR                              
0     0033d0e1  _MainISR                                 
1     00005000  _McbspaRegs                              
1     00005040  _McbspbRegs                              
0     0033f7b3  _MemCopy                                 
1     0000c387  _MotionInProgress                        
0     0033f6f2  _Motor_SetSpeed                          
0     0033f6fc  _Motor_Set_Run_Trun                      
0     0033f6e9  _Motor_Start                             
0     0033f6ee  _Motor_Stop                              
0     0033dae0  _NMI_ISR                                 
0     0033d036  _OffsetISR                               
0     0033e99e  _Offset_CurrentReading                   
1     0000c386  _OverCurrentDetected                     
0     0033f5f4  _PARK_Cale                               
0     0033ddb0  _PIE_RESERVED                            
1     0000c2c1  _Park_Angle                              
1     0000c2cc  _Park_SinCos                             
1     00380090  _PartIdRegs                              
1     00000ce0  _PieCtrlRegs                             
1     00000d00  _PieVectTable                            
0     0033cf24  _PieVectTableInit                        
0     0033ebcf  _Protocol_ProcessRx                      
0     0033eb2f  _Protocol_Send                           
0     0033ed92  _RS485_SetRX                             
0     0033ed8d  _RS485_SetTX                             
0     0033dacc  _RTOSINT_ISR                             
0     0032001f  _RamfuncsLoadEnd                         
0     00320000  _RamfuncsLoadStart                       
0     00008000  _RamfuncsRunStart                        
0     0033edf2  _Read_IO_interface                       
1     0000c381  _ReverseBack                             
0     0033eda0  _SCIB_SendBuffer                         
0     0033ed97  _SCIB_SendByte                           
0     0033dd1a  _SCIRXINTA_ISR                           
0     0033dd2e  _SCIRXINTB_ISR                           
0     0033dd06  _SCIRXINTC_ISR                           
0     0033dd24  _SCITXINTA_ISR                           
0     0033dd38  _SCITXINTB_ISR                           
0     0033dd10  _SCITXINTC_ISR                           
0     0033ed0a  _SCI_BaudRateSet                         
0     0033ec76  _SCI_Open                                
0     0033f5af  _SCI_RS232TX_sen                         
0     0033db6c  _SEQ1INT_ISR                             
0     0033db76  _SEQ2INT_ISR                             
0     0033dc7a  _SPIRXINTA_ISR                           
0     0033dc84  _SPITXINTA_ISR                           
1     00007050  _SciaRegs                                
1     00007750  _ScibRegs                                
0     0033d629  _Scib_rx_ISR                             
1     00007770  _ScicRegs                                
0     0033ec4f  _SendMotorStatus                         
0     0033efef  _ServiceDog                              
0     0033e654  _SinCos_Table                            
1     0000c2c2  _Spd_Count                               
1     0000c201  _SpeedLoopCount                          
1     0000c203  _SpeedLoopPrescaler                      
1     0000c390  _SpeedRef                                
1     0000c2f8  _SpeedRpm_GXieLv                         
0     0033d6af  _Speed_FOC                               
1     00007040  _SpiaRegs                                
0     0033d9f1  _StartControl_Mode                       
0     0033d98c  _Stop_Motor                              
0     0033e64a  _SwitchOffPWMAndSetRunningMotorModeToStop
1     00007010  _SysCtrlRegs                             
1     0000c20a  _T                                       
0     0033db9e  _TINT0_ISR                               
0     0033f304  _Task_LED                                
0     0033f32a  _Task_Manage_List_Init                   
1     0000c4b0  _TasksPare                               
0     0033f296  _Timer_Task_Count                        
1     0000c490  _TrigSel                                 
1     0000c310  _Trq_0D1NM_GXieLv                        
0     0033d6e8  _Trq_FOC                                 
0     0033db4e  _USER10_ISR                              
0     0033db58  _USER11_ISR                              
0     0033db62  _USER12_ISR                              
0     0033daf4  _USER1_ISR                               
0     0033dafe  _USER2_ISR                               
0     0033db08  _USER3_ISR                               
0     0033db12  _USER4_ISR                               
0     0033db1c  _USER5_ISR                               
0     0033db26  _USER6_ISR                               
0     0033db30  _USER7_ISR                               
0     0033db3a  _USER8_ISR                               
0     0033db44  _USER9_ISR                               
0     0033d660  _UVW_Axis_dq                             
1     0000c2ca  _VF_Angle                                
1     0000c2c0  _VF_AngleJZ                              
0     0033d7b6  _VF_Control                              
1     0000c2e0  _VF_Freq_GXieLv                          
1     0000c2d8  _VF_Vq_GXieLv                            
1     0000c2c4  _V_d                                     
1     0000c2f0  _V_d_GXieLv                              
1     0000c2c8  _V_q                                     
1     0000c2e8  _V_q_GXieLv                              
1     0000c39e  _VdTesting                               
0     0033d80b  _Vdq_FOC                                 
1     0000c002  _Volt_CurrPara                           
1     0000c38e  _VqTesting                               
0     0033dba8  _WAKEINT_ISR                             
0     0033efd1  _WANGLEI                                 
0     0033db80  _XINT1_ISR                               
0     0033db8a  _XINT2_ISR                               
0     0033dd6a  _XINT3_ISR                               
0     0033dd74  _XINT4_ISR                               
0     0033dd7e  _XINT5_ISR                               
0     0033dd88  _XINT6_ISR                               
0     0033dd92  _XINT7_ISR                               
1     00007070  _XIntruptRegs                            
1     00000b20  _XintfRegs                               
0     00328029  __IQ24cosPU                              
0     00328000  __IQ24sinPU                              
1     00000600  __STACK_END                              
abs   00000200  __STACK_SIZE                             
1     0000c37a  ___TI_cleanup_ptr                        
1     0000c37c  ___TI_dtors_ptr                          
1     0000c378  ___TI_enable_exit_profile_output         
abs   ffffffff  ___TI_pprof_out_hndl                     
abs   ffffffff  ___TI_prof_data_size                     
abs   ffffffff  ___TI_prof_data_start                    
abs   ffffffff  ___binit__                               
abs   ffffffff  ___c_args__                              
0     0033f7e5  ___cinit__                               
0     0033f7e5  ___etext__                               
abs   ffffffff  ___pinit__                               
0     0033d036  ___text__                                
0     0033f781  __args_main                              
1     0000c1fe  __lock                                   
0     0033f7d9  __nop                                    
0     0033f7d5  __register_lock                          
0     0033f7d1  __register_unlock                        
1     00000400  __stack                                  
0     0033f7e4  __system_post_cinit                      
0     0033f7e2  __system_pre_init                        
1     0000c37e  __unlock                                 
0     0033f64f  _abort                                   
1     0000c3a0  _adcResult2IQ                            
1     0000c3a4  _adcResult3IQ                            
1     0000c385  _brake_hold                              
0     0033f4ee  _c_int00                                 
1     0000c332  _clark1                                  
0     0033f6c5  _copy_in                                 
0     0033f61c  _cpu_timer0_isr                          
1     0000c384  _currentMode                             
1     0000c380  _dir_fwd                                 
1     0000c262  _dlog                                    
1     0000c232  _eCAP                                    
1     0000c240  _ePWM                                    
1     0000c212  _eQEP                                    
0     0033f651  _exit                                    
0     0033bf20  _fSin                                    
0     0033f1c6  _fmod                                    
0     0033f1c6  _fmodf                                   
0     0033c722  _ftan                                    
1     0000c3ac  _gMotorVars                              
1     0000c440  _genericIO_16bitWrite                    
1     0000c324  _ipark1                                  
1     0000c38a  _lsw                                     
1     0000c3cc  _mMotorOffsets                           
0     0033e0af  _mailbox_send                            
0     0033ddc4  _main                                    
0     0033f748  _memcpy                                  
1     0000c3ae  _motorSt                                 
1     0000c389  _motor_run                               
1     0000c39c  _negative_threshold                      
1     0000c394  _offsetA                                 
1     0000c3a2  _offsetB                                 
1     0000c383  _over_current                            
1     0000c340  _park1                                   
1     0000c140  _pi_FW                                   
1     0000c1c0  _pi_id                                   
1     0000c100  _pi_iq                                   
1     0000c180  _pi_spd                                  
1     0000c382  _pos_protect                             
1     0000c396  _positive_threshold                      
1     0000c218  _pwm1                                    
1     0000c20c  _pwmdac1                                 
1     0000c3dc  _rc1                                     
1     0000c416  _resolver1                               
1     0000c3c0  _rg1                                     
0     0033ddba  _rsvd_ISR                                
0     0033f58f  _scib_fifo_init                          
1     0000c296  _smo1                                    
1     0000c224  _smo1_const                              
1     0000c280  _speed1                                  
1     0000c250  _speed3                                  
1     0000c34e  _svpwm1                                  
1     0000c388  _sys_reset                               
0     0033f317  _task_send_Rece                          
1     0000c202  _tick                                    
1     0000c400  _volt1                                   
abs   ffffffff  binit                                    
0     0033f7e5  cinit                                    
0     0033fff6  code_start                               
0     0033f7e5  etext                                    
abs   ffffffff  pinit                                    


GLOBAL SYMBOLS: SORTED BY Symbol Address 

page  address   name                                     
----  -------   ----                                     
0     00008000  _InitFlash                               
0     00008000  _RamfuncsRunStart                        
0     0000801b  _DSP28x_usDelay                          
0     00320000  _RamfuncsLoadStart                       
0     0032001f  _RamfuncsLoadEnd                         
0     00328000  __IQ24sinPU                              
0     00328029  __IQ24cosPU                              
0     00338000  _Id_Map                                  
0     00339f90  _Iq_Map                                  
0     0033bf20  _fSin                                    
0     0033c722  _ftan                                    
0     0033cf24  _PieVectTableInit                        
0     0033d036  .text                                    
0     0033d036  _OffsetISR                               
0     0033d036  ___text__                                
0     0033d0e1  _MainISR                                 
0     0033d629  _Scib_rx_ISR                             
0     0033d660  _UVW_Axis_dq                             
0     0033d6af  _Speed_FOC                               
0     0033d6d2  _FW_PI                                   
0     0033d6e8  _Trq_FOC                                 
0     0033d7b6  _VF_Control                              
0     0033d80b  _Vdq_FOC                                 
0     0033d869  _Idq_FOC                                 
0     0033d8c7  _Control_Mode_CmdPara                    
0     0033d93f  _FOC_Svpwm_dq                            
0     0033d98c  _Stop_Motor                              
0     0033d9e4  _FOC_Control_Select                      
0     0033d9f1  _StartControl_Mode                       
0     0033da45  _FOC_Control_TestPara                    
0     0033daae  _INT13_ISR                               
0     0033dab8  _INT14_ISR                               
0     0033dac2  _DATALOG_ISR                             
0     0033dacc  _RTOSINT_ISR                             
0     0033dad6  _EMUINT_ISR                              
0     0033dae0  _NMI_ISR                                 
0     0033daea  _ILLEGAL_ISR                             
0     0033daf4  _USER1_ISR                               
0     0033dafe  _USER2_ISR                               
0     0033db08  _USER3_ISR                               
0     0033db12  _USER4_ISR                               
0     0033db1c  _USER5_ISR                               
0     0033db26  _USER6_ISR                               
0     0033db30  _USER7_ISR                               
0     0033db3a  _USER8_ISR                               
0     0033db44  _USER9_ISR                               
0     0033db4e  _USER10_ISR                              
0     0033db58  _USER11_ISR                              
0     0033db62  _USER12_ISR                              
0     0033db6c  _SEQ1INT_ISR                             
0     0033db76  _SEQ2INT_ISR                             
0     0033db80  _XINT1_ISR                               
0     0033db8a  _XINT2_ISR                               
0     0033db94  _ADCINT_ISR                              
0     0033db9e  _TINT0_ISR                               
0     0033dba8  _WAKEINT_ISR                             
0     0033dbb2  _EPWM1_TZINT_ISR                         
0     0033dbbc  _EPWM2_TZINT_ISR                         
0     0033dbc6  _EPWM3_TZINT_ISR                         
0     0033dbd0  _EPWM4_TZINT_ISR                         
0     0033dbda  _EPWM5_TZINT_ISR                         
0     0033dbe4  _EPWM6_TZINT_ISR                         
0     0033dbee  _EPWM1_INT_ISR                           
0     0033dbf8  _EPWM2_INT_ISR                           
0     0033dc02  _EPWM3_INT_ISR                           
0     0033dc0c  _EPWM4_INT_ISR                           
0     0033dc16  _EPWM5_INT_ISR                           
0     0033dc20  _EPWM6_INT_ISR                           
0     0033dc2a  _ECAP1_INT_ISR                           
0     0033dc34  _ECAP2_INT_ISR                           
0     0033dc3e  _ECAP3_INT_ISR                           
0     0033dc48  _ECAP4_INT_ISR                           
0     0033dc52  _ECAP5_INT_ISR                           
0     0033dc5c  _ECAP6_INT_ISR                           
0     0033dc66  _EQEP1_INT_ISR                           
0     0033dc70  _EQEP2_INT_ISR                           
0     0033dc7a  _SPIRXINTA_ISR                           
0     0033dc84  _SPITXINTA_ISR                           
0     0033dc8e  _MRINTB_ISR                              
0     0033dc98  _MXINTB_ISR                              
0     0033dca2  _MRINTA_ISR                              
0     0033dcac  _MXINTA_ISR                              
0     0033dcb6  _DINTCH1_ISR                             
0     0033dcc0  _DINTCH2_ISR                             
0     0033dcca  _DINTCH3_ISR                             
0     0033dcd4  _DINTCH4_ISR                             
0     0033dcde  _DINTCH5_ISR                             
0     0033dce8  _DINTCH6_ISR                             
0     0033dcf2  _I2CINT1A_ISR                            
0     0033dcfc  _I2CINT2A_ISR                            
0     0033dd06  _SCIRXINTC_ISR                           
0     0033dd10  _SCITXINTC_ISR                           
0     0033dd1a  _SCIRXINTA_ISR                           
0     0033dd24  _SCITXINTA_ISR                           
0     0033dd2e  _SCIRXINTB_ISR                           
0     0033dd38  _SCITXINTB_ISR                           
0     0033dd42  _ECAN0INTA_ISR                           
0     0033dd4c  _ECAN1INTA_ISR                           
0     0033dd56  _ECAN0INTB_ISR                           
0     0033dd60  _ECAN1INTB_ISR                           
0     0033dd6a  _XINT3_ISR                               
0     0033dd74  _XINT4_ISR                               
0     0033dd7e  _XINT5_ISR                               
0     0033dd88  _XINT6_ISR                               
0     0033dd92  _XINT7_ISR                               
0     0033dd9c  _LVF_ISR                                 
0     0033dda6  _LUF_ISR                                 
0     0033ddb0  _PIE_RESERVED                            
0     0033ddba  _rsvd_ISR                                
0     0033ddc4  _main                                    
0     0033e0af  _mailbox_send                            
0     0033e0e8  _ECANB_MB1_send                          
0     0033e12e  _ECANB_MB2_send                          
0     0033e194  _ECANB_MB3_send                          
0     0033e1e0  _ECANB_MB4_send                          
0     0033e243  _ECANB_MB5_send                          
0     0033e2a9  _CAN_Rcv1                                
0     0033e30d  _CAN_ControlMotor_CMD                    
0     0033e351  _CAN_Rcv2                                
0     0033e64a  _SwitchOffPWMAndSetRunningMotorModeToStop
0     0033e654  _SinCos_Table                            
0     0033e6ec  _Atan_Cale                               
0     0033e7fc  _Limit_Sat                               
0     0033e81d  _Grad_XieLv                              
0     0033e851  _IQSqrt                                  
0     0033e88e  _Delay_100ns                             
0     0033e8a8  _Delay_us                                
0     0033e8c2  _Delay_ms                                
0     0033e8de  _ADC_Sample                              
0     0033e903  _ADC_Sample_deal                         
0     0033e99e  _Offset_CurrentReading                   
0     0033e9e3  _DWQ_Control_AD                          
0     0033eb2f  _Protocol_Send                           
0     0033ebcf  _Protocol_ProcessRx                      
0     0033ec4f  _SendMotorStatus                         
0     0033ec76  _SCI_Open                                
0     0033ed0a  _SCI_BaudRateSet                         
0     0033ed8d  _RS485_SetTX                             
0     0033ed92  _RS485_SetRX                             
0     0033ed97  _SCIB_SendByte                           
0     0033eda0  _SCIB_SendBuffer                         
0     0033edba  _IsOverCurrent                           
0     0033edcd  _AD2S1205_Init                           
0     0033edf2  _Read_IO_interface                       
0     0033ee33  _AD2S1205_Read                           
0     0033eee5  _Init_Gpio_LED                           
0     0033eef3  _Init_3MotorGpio                         
0     0033ef13  _Init_DACEPWMGpio                        
0     0033ef23  _Init_ECanbGpio                          
0     0033ef33  _Init_Gpio_AD2S1205                      
0     0033ef9f  _Init_OneBMKGGpio                        
0     0033efa9  _InitScirs485bGpio                       
0     0033efd1  _WANGLEI                                 
0     0033efe6  _InitSysCtrl                             
0     0033efef  _ServiceDog                              
0     0033eff9  _DisableDog                              
0     0033f001  _InitPll                                 
0     0033f052  _InitPeripheralClocks                    
0     0033f0ad  _CsmUnlock                               
0     0033f0de  _ECanB_init                              
0     0033f1c6  _fmod                                    
0     0033f1c6  _fmodf                                   
0     0033f296  _Timer_Task_Count                        
0     0033f2c2  _Execute_Task_List_RUN                   
0     0033f2f7  _HF_Data                                 
0     0033f2f8  _Ckeck_BoMa                              
0     0033f301  _Deal_Fault                              
0     0033f304  _Task_LED                                
0     0033f317  _task_send_Rece                          
0     0033f32a  _Task_Manage_List_Init                   
0     0033f349  _ADC_MACRO_INIT                          
0     0033f3d7  _ADC_SOC_int                             
0     0033f3f8  FD$$MPY                                  
0     0033f47b  _InitCpuTimers                           
0     0033f4b4  _ConfigCpuTimer                          
0     0033f4ee  _c_int00                                 
0     0033f544  _DLOG_4CH_init                           
0     0033f54f  _DLOG_4CH_update                         
0     0033f58f  _scib_fifo_init                          
0     0033f5af  _SCI_RS232TX_sen                         
0     0033f5d6  _CLARKE_Cale                             
0     0033f5f4  _PARK_Cale                               
0     0033f61c  _cpu_timer0_isr                          
0     0033f64f  C$$EXIT                                  
0     0033f64f  _abort                                   
0     0033f651  _exit                                    
0     0033f678  _InitPieCtrl                             
0     0033f697  _EnableInterrupts                        
0     0033f6a0  _InitCpuTimer0                           
0     0033f6c5  _copy_in                                 
0     0033f6e9  _Motor_Start                             
0     0033f6ee  _Motor_Stop                              
0     0033f6f2  _Motor_SetSpeed                          
0     0033f6fc  _Motor_Set_Run_Trun                      
0     0033f709  _InitPieVectTable                        
0     0033f729  FD$$TOL                                  
0     0033f748  _memcpy                                  
0     0033f765  FS$$TOFD                                 
0     0033f781  __args_main                              
0     0033f79a  FS$$DIV                                  
0     0033f7b3  _MemCopy                                 
0     0033f7c6  U$$DIV                                   
0     0033f7cb  U$$MOD                                   
0     0033f7d1  __register_unlock                        
0     0033f7d5  __register_lock                          
0     0033f7d9  __nop                                    
0     0033f7e2  __system_pre_init                        
0     0033f7e4  __system_post_cinit                      
0     0033f7e5  ___cinit__                               
0     0033f7e5  ___etext__                               
0     0033f7e5  cinit                                    
0     0033f7e5  etext                                    
0     0033fff6  code_start                               
0     00380080  _ADC_cal                                 
0     003fe000  _IQsinTable                              
0     003fe100  _IQcosTable                              
0     003fe400  _IQsinTableEnd                           
0     003fe502  _IQcosTableEnd                           
0     003fe502  _IQdivRoundSatTable                      
0     003fe510  _IQdivTable                              
0     003fe712  _IQdivTableEnd                           
0     003fe712  _IQisqrtRoundSatTable                    
0     003fe712  _IQsqrtRoundSatTable                     
0     003fe722  _IQisqrtTable                            
0     003fe722  _IQsqrtTable                             
0     003fe824  _IQatan2HalfPITable                      
0     003fe824  _IQisqrtTableEnd                         
0     003fe824  _IQsqrtTableEnd                          
0     003fe862  _IQatan2Table                            
0     003fe9e8  _IQ30mpyRndSatTable                      
0     003fe9e8  _IQatan2TableEnd                         
0     003fe9e8  _IQmpyRndSatTable                        
0     003fe9f4  _IQ29mpyRndSatTable                      
0     003fea00  _IQ28mpyRndSatTable                      
0     003fea0c  _IQ27mpyRndSatTable                      
0     003fea18  _IQ26mpyRndSatTable                      
0     003fea24  _IQ25mpyRndSatTable                      
0     003fea30  _IQ24mpyRndSatTable                      
0     003fea3c  _IQ23mpyRndSatTable                      
0     003fea48  _IQ22mpyRndSatTable                      
0     003fea54  _IQ21mpyRndSatTable                      
0     003fea60  _IQ20mpyRndSatTable                      
0     003fea6c  _IQ19mpyRndSatTable                      
0     003fea78  _IQ18mpyRndSatTable                      
0     003fea84  _IQ17mpyRndSatTable                      
0     003fea90  _IQ16mpyRndSatTable                      
0     003fea9c  _IQ15mpyRndSatTable                      
0     003feaa8  _IQ14mpyRndSatTable                      
0     003feab4  _IQ13mpyRndSatTable                      
0     003feac0  _IQ12mpyRndSatTable                      
0     003feacc  _IQ11mpyRndSatTable                      
0     003fead8  _IQ10mpyRndSatTable                      
0     003feae4  _IQ9mpyRndSatTable                       
0     003feaf0  _IQ8mpyRndSatTable                       
0     003feafc  _IQ7mpyRndSatTable                       
0     003feb08  _IQ6mpyRndSatTable                       
0     003feb14  _IQ5mpyRndSatTable                       
0     003feb20  _IQ4mpyRndSatTable                       
0     003feb2c  _IQ3mpyRndSatTable                       
0     003feb38  _IQ2mpyRndSatTable                       
0     003feb44  _IQ1mpyRndSatTable                       
0     003feb50  _IQmpyRndSatTableEnd                     
1     00000400  __stack                                  
1     00000600  __STACK_END                              
1     00000880  _DevEmuRegs                              
1     00000a80  _FlashRegs                               
1     00000ae0  _CsmRegs                                 
1     00000b00  _AdcMirror                               
1     00000b20  _XintfRegs                               
1     00000c00  _CpuTimer0Regs                           
1     00000c08  _CpuTimer1Regs                           
1     00000c10  _CpuTimer2Regs                           
1     00000ce0  _PieCtrlRegs                             
1     00000d00  _PieVectTable                            
1     00001000  _DmaRegs                                 
1     00005000  _McbspaRegs                              
1     00005040  _McbspbRegs                              
1     00006000  _ECanaRegs                               
1     00006040  _ECanaLAMRegs                            
1     00006080  _ECanaMOTSRegs                           
1     000060c0  _ECanaMOTORegs                           
1     00006100  _ECanaMboxes                             
1     00006200  _ECanbRegs                               
1     00006240  _ECanbLAMRegs                            
1     00006280  _ECanbMOTSRegs                           
1     000062c0  _ECanbMOTORegs                           
1     00006300  _ECanbMboxes                             
1     00006800  _EPwm1Regs                               
1     00006840  _EPwm2Regs                               
1     00006880  _EPwm3Regs                               
1     000068c0  _EPwm4Regs                               
1     00006900  _EPwm5Regs                               
1     00006940  _EPwm6Regs                               
1     00006980  _EPwm7Regs                               
1     00006a00  _ECap1Regs                               
1     00006a20  _ECap2Regs                               
1     00006a40  _ECap3Regs                               
1     00006a60  _ECap4Regs                               
1     00006a80  _ECap5Regs                               
1     00006aa0  _ECap6Regs                               
1     00006b00  _EQep1Regs                               
1     00006b40  _EQep2Regs                               
1     00006f80  _GpioCtrlRegs                            
1     00006fc0  _GpioDataRegs                            
1     00006fe0  _GpioIntRegs                             
1     00007010  _SysCtrlRegs                             
1     00007040  _SpiaRegs                                
1     00007050  _SciaRegs                                
1     00007070  _XIntruptRegs                            
1     00007100  _AdcRegs                                 
1     00007750  _ScibRegs                                
1     00007770  _ScicRegs                                
1     00007900  _I2caRegs                                
1     0000c002  _Volt_CurrPara                           
1     0000c00c  _ADCSampPara                             
1     0000c100  _pi_iq                                   
1     0000c140  _pi_FW                                   
1     0000c180  _pi_spd                                  
1     0000c1c0  _pi_id                                   
1     0000c1ec  _AD2SXBPare                              
1     0000c1fe  __lock                                   
1     0000c200  _BackTicker                              
1     0000c201  _SpeedLoopCount                          
1     0000c202  _tick                                    
1     0000c203  _SpeedLoopPrescaler                      
1     0000c204  _DlogCh1                                 
1     0000c205  _EnableFlag                              
1     0000c206  _DlogCh4                                 
1     0000c207  _DlogCh3                                 
1     0000c208  _DlogCh2                                 
1     0000c20a  _T                                       
1     0000c20c  _pwmdac1                                 
1     0000c212  _eQEP                                    
1     0000c218  _pwm1                                    
1     0000c224  _smo1_const                              
1     0000c232  _eCAP                                    
1     0000c240  _ePWM                                    
1     0000c250  _speed3                                  
1     0000c262  _dlog                                    
1     0000c280  _speed1                                  
1     0000c296  _smo1                                    
1     0000c2ba  _Ang_SinCosPark                          
1     0000c2c0  _VF_AngleJZ                              
1     0000c2c1  _Park_Angle                              
1     0000c2c2  _Spd_Count                               
1     0000c2c3  _FW_Count                                
1     0000c2c4  _V_d                                     
1     0000c2c6  _FW_Curr_d                               
1     0000c2c8  _V_q                                     
1     0000c2ca  _VF_Angle                                
1     0000c2cc  _Park_SinCos                             
1     0000c2d2  _IPark_SinCos                            
1     0000c2d8  _VF_Vq_GXieLv                            
1     0000c2e0  _VF_Freq_GXieLv                          
1     0000c2e8  _V_q_GXieLv                              
1     0000c2f0  _V_d_GXieLv                              
1     0000c2f8  _SpeedRpm_GXieLv                         
1     0000c300  _I_q_GXieLv                              
1     0000c308  _I_d_GXieLv                              
1     0000c310  _Trq_0D1NM_GXieLv                        
1     0000c318  _CESHIIIII565                            
1     0000c324  _ipark1                                  
1     0000c332  _clark1                                  
1     0000c340  _park1                                   
1     0000c34e  _svpwm1                                  
1     0000c360  _Control_FB_Para                         
1     0000c378  ___TI_enable_exit_profile_output         
1     0000c37a  ___TI_cleanup_ptr                        
1     0000c37c  ___TI_dtors_ptr                          
1     0000c37e  __unlock                                 
1     0000c380  _dir_fwd                                 
1     0000c381  _ReverseBack                             
1     0000c382  _pos_protect                             
1     0000c383  _over_current                            
1     0000c384  _currentMode                             
1     0000c385  _brake_hold                              
1     0000c386  _OverCurrentDetected                     
1     0000c387  _MotionInProgress                        
1     0000c388  _sys_reset                               
1     0000c389  _motor_run                               
1     0000c38a  _lsw                                     
1     0000c38c  _IdRef                                   
1     0000c38e  _VqTesting                               
1     0000c390  _SpeedRef                                
1     0000c392  _IqRef                                   
1     0000c394  _offsetA                                 
1     0000c396  _positive_threshold                      
1     0000c398  _CurrentThreshold                        
1     0000c39a  _IsrTicker                               
1     0000c39c  _negative_threshold                      
1     0000c39e  _VdTesting                               
1     0000c3a0  _adcResult2IQ                            
1     0000c3a2  _offsetB                                 
1     0000c3a4  _adcResult3IQ                            
1     0000c3a6  _K2                                      
1     0000c3a8  _K1                                      
1     0000c3ac  _gMotorVars                              
1     0000c3ae  _motorSt                                 
1     0000c3c0  _rg1                                     
1     0000c3cc  _mMotorOffsets                           
1     0000c3dc  _rc1                                     
1     0000c400  _volt1                                   
1     0000c416  _resolver1                               
1     0000c440  _genericIO_16bitWrite                    
1     0000c480  _ACQPS                                   
1     0000c490  _TrigSel                                 
1     0000c4a0  _ChSel                                   
1     0000c4b0  _TasksPare                               
1     0000c4c0  _CAN_ControlPara                         
1     0000c4da  _CpuTimer1                               
1     0000c4e2  _CpuTimer2                               
1     0000c4ea  _CpuTimer0                               
1     0033fff8  _CsmPwl                                  
1     00380090  _PartIdRegs                              
abs   00000200  __STACK_SIZE                             
abs   ffffffff  ___TI_pprof_out_hndl                     
abs   ffffffff  ___TI_prof_data_size                     
abs   ffffffff  ___TI_prof_data_start                    
abs   ffffffff  ___binit__                               
abs   ffffffff  ___c_args__                              
abs   ffffffff  ___pinit__                               
abs   ffffffff  binit                                    
abs   ffffffff  pinit                                    

[423 symbols]
